<html>
<body>
<pre>
<h1>µVision Build Log</h1>
<h2>Tool Versions:</h2>
IDE-Version: £gVision V5.16a
Copyright (C) 2015 ARM Ltd and ARM Germany GmbH. All rights reserved.
License Information: yun ju wu, HKUST, LIC=47GNN-YLJDW-CW12K-ZW27U-JRC73-QXXM5
 
Tool Versions:
Toolchain:       MDK-ARM Standard  Version: 5.16a
Toolchain Path:  C:\Keil_v5\ARM\ARMCC\Bin
C Compiler:      Armcc.exe V5.06 (build 20)
Assembler:       Armasm.exe V5.06 (build 20)
Linker/Locator:  ArmLink.exe V5.06 (build 20)
Library Manager: ArmAr.exe V5.06 (build 20)
Hex Converter:   FromElf.exe V5.06 (build 20)
CPU DLL:         SARMCM3.DLL V5.16a
Dialog DLL:      DCM.DLL V1.13.2.0
Target DLL:      STLink\ST-LINKIII-KEIL_SWO.dll V2.0.17.0
Dialog DLL:      TCM.DLL V1.14.5.0
 
<h2>Project:</h2>
C:\Users\user\Desktop\robotics\robotics\Robotics-team-2\2016_sw_ library\ROBOTICs_Hw.uvprojx
Project File Date:  11/12/2015

<h2>Output:</h2>
*** Using Compiler 'V5.06 (build 20)', folder: 'C:\Keil_v5\ARM\ARMCC\Bin'
Build target 'STM32f103CBT_TEMPLATE'
assembling startup_stm32f10x_md.s...
compiling core_cm3.c...
compiling misc.c...
compiling stm32f10x_cec.c...
compiling stm32f10x_bkp.c...
compiling stm32f10x_crc.c...
compiling stm32f10x_adc.c...
compiling stm32f10x_can.c...
compiling stm32f10x_dac.c...
compiling stm32f10x_dbgmcu.c...
compiling stm32f10x_exti.c...
compiling stm32f10x_dma.c...
compiling stm32f10x_gpio.c...
compiling stm32f10x_i2c.c...
compiling stm32f10x_fsmc.c...
compiling stm32f10x_flash.c...
compiling stm32f10x_iwdg.c...
compiling stm32f10x_rtc.c...
compiling stm32f10x_pwr.c...
compiling stm32f10x_rcc.c...
compiling stm32f10x_sdio.c...
compiling stm32f10x_spi.c...
compiling stm32f10x_usart.c...
compiling stm32f10x_tim.c...
compiling stm32f10x_wwdg.c...
compiling LEDs.c...
LEDs.c(47): warning:  #1-D: last line of file ends without a newline
  }
LEDs.c: 1 warning, 0 errors
compiling system_stm32f10x.c...
compiling linear_ccd.c...
linear_ccd.c(147): warning:  #223-D: function "find_white_line" declared implicitly
  		tft_prints(2,4,"%d",find_white_line());
linear_ccd.c: 1 warning, 0 errors
compiling adc.c...
adc.c(72): warning:  #1-D: last line of file ends without a newline
  }
adc.c: 1 warning, 0 errors
compiling tft_display.c...
compiling button.c...
compiling GPIO_switch.c...
compiling ticks.c...
compiling pneumatic_control.c...
pneumatic_control.h(5): warning:  #1295-D: Deprecated declaration pneumatic_init - give arg types
  void pneumatic_init();
pneumatic_control.h(6): warning:  #1-D: last line of file ends without a newline
  void pneumatic_control(GPIO_TypeDef* PORT,u16 gpio_pin,u8 state);
pneumatic_control.c: 2 warnings, 0 errors
compiling buzzer_song.c...
compiling buzzer.c...
buzzer.c(63): warning:  #177-D: variable "GPIO_InitStruct" was declared but never referenced
    GPIO_InitTypeDef GPIO_InitStruct;
buzzer.c: 1 warning, 0 errors
compiling motor.c...
motor.c(157): warning:  #1-D: last line of file ends without a newline
  	}
motor.c: 1 warning, 0 errors
compiling servo_tutorial.c...
compiling encoder.c...
encoder.h(18): warning:  #1295-D: Deprecated declaration encoder_init - give arg types
  void encoder_init();
encoder.h(19): warning:  #1295-D: Deprecated declaration gpio_init - give arg types
  void gpio_init();
encoder.h(20): warning:  #1295-D: Deprecated declaration timer_init - give arg types
  void timer_init();
encoder.h(22): warning:  #1295-D: Deprecated declaration getCount - give arg types
  u32 getCount();
encoder.c(65): warning:  #68-D: integer conversion resulted in a change of sign
  	else if (prevCount - currCount < -
NCODER_MAX_CHANGE){
encoder.c: 5 warnings, 0 errors
compiling uart.c...
compiling helper.c...
compiling main.c...
pneumatic_control.h(5): warning:  #1295-D: Deprecated declaration pneumatic_init - give arg types
  void pneumatic_init();
pneumatic_control.h(6): warning:  #1-D: last line of file ends without a newline
  void pneumatic_control(GPIO_TypeDef* PORT,u16 gpio_pin,u8 state);
main.c(50): warning:  #223-D: function "stop" declared implicitly
  			stop(); 
main.c(73): warning:  #223-D: function "checksignal" declared implicitly
  			checksignal();
main.c(132): warning:  #223-D: function "linear_ccd_prints" declared implicitly
  			 linear_ccd_prints();
main.c(133): warning:  #223-D: function "find_white_line" declared implicitly
  				int x = find_white_line();
main.c(180): warning:  #223-D: function "linear_ccd_clear" declared implicitly
  			linear_ccd_clear();
main.c: 7 warnings, 0 errors
linking...
Program Size: Code=27324 RO-data=1688 RW-data=8360 ZI-data=4952  
FromELF: creating hex file...
".\Objects\ROBOTICs_Hw.axf" - 0 Error(s), 19 Warning(s).

<h2>Collection of Component include folders:</h2>
  C:\Users\user\Desktop\robotics\robotics\Robotics-team-2\2016_sw_ library\RTE
  C:\Keil_v5\ARM\PACK\Keil\STM32F1xx_DFP\1.1.0\Device\Include

<h2>Collection of Component Files used:</h2>
Build Time Elapsed:  00:00:09
</pre>
</body>
</html>
